// Vitest Snapshot v1, https://vitest.dev/guide/snapshot.html

exports[`Not Found page > should render a not found page 1`] = `[Function]`;
