// Vitest Snapshot v1, https://vitest.dev/guide/snapshot.html

exports[`Heading component > should render a heading element with text 1`] = `[Function]`;
