// Vitest Snapshot v1, https://vitest.dev/guide/snapshot.html

exports[`Input component > should render an input element with an error 1`] = `[Function]`;

exports[`Input component > should render an input element without error 1`] = `[Function]`;
