// Vitest Snapshot v1, https://vitest.dev/guide/snapshot.html

exports[`Spinner component > should render a spinner 1`] = `[Function]`;
