// Vitest Snapshot v1, https://vitest.dev/guide/snapshot.html

exports[`Table Row component > should render a table row component 1`] = `[Function]`;
