// Vitest Snapshot v1, https://vitest.dev/guide/snapshot.html

exports[`Layout component > should render the Layout with some text 1`] = `[Function]`;
